// Jest Snapshot v1, https://goo.gl/fbAQLP

exports[`codegen happy path 1`] = `
Object {
  "code": "return function render(_ctx, _cache) {return 'hi'}",
}
`;
